<?xml version="1.0" encoding="UTF-8"?>
<testsuites>
  <testsuite name="" tests="2" assertions="2" errors="0" failures="0" skipped="0" time="0.123713">
    <testsuite name="Unit" tests="1" assertions="1" errors="0" failures="0" skipped="0" time="0.011981">
      <testsuite name="Tests\Unit\ExampleTest" file="C:\laragon\www\laravel-api-restful\tests\Unit\ExampleTest.php" tests="1" assertions="1" errors="0" failures="0" skipped="0" time="0.011981">
        <testcase name="test_that_true_is_true" file="C:\laragon\www\laravel-api-restful\tests\Unit\ExampleTest.php" line="12" class="Tests\Unit\ExampleTest" classname="Tests.Unit.ExampleTest" assertions="1" time="0.011981"/>
      </testsuite>
    </testsuite>
    <testsuite name="Feature" tests="1" assertions="1" errors="0" failures="0" skipped="0" time="0.111732">
      <testsuite name="Tests\Feature\ExampleTest" file="C:\laragon\www\laravel-api-restful\tests\Feature\ExampleTest.php" tests="1" assertions="1" errors="0" failures="0" skipped="0" time="0.111732">
        <testcase name="test_the_application_returns_a_successful_response" file="C:\laragon\www\laravel-api-restful\tests\Feature\ExampleTest.php" line="13" class="Tests\Feature\ExampleTest" classname="Tests.Feature.ExampleTest" assertions="1" time="0.111732"/>
      </testsuite>
    </testsuite>
  </testsuite>
</testsuites>
